Running from: /usr/share/java/jenkins.war
webroot: /root/.jenkins/war
2025-06-02 18:23:11.599+0000 [id=1]	INFO	winstone.Logger#logInternal: Beginning extraction from war file
2025-06-02 18:23:11.677+0000 [id=1]	WARNING	o.e.j.ee9.nested.ContextHandler#setContextPath: Empty contextPath
2025-06-02 18:23:11.765+0000 [id=1]	INFO	org.eclipse.jetty.server.Server#doStart: jetty-12.0.19; built: 2025-04-01T13:28:40.005Z; git: 23436cd577b4238238eb192683dfc2b1476c6b87; jvm 17.0.15+6-Ubuntu-0ubuntu124.04
2025-06-02 18:23:12.939+0000 [id=1]	INFO	o.e.j.e.w.StandardDescriptorProcessor#visitServlet: NO JSP Support for /, did not find org.eclipse.jetty.ee9.jsp.JettyJspServlet
2025-06-02 18:23:13.052+0000 [id=1]	INFO	o.e.j.s.DefaultSessionIdManager#doStart: Session workerName=node0
2025-06-02 18:23:14.410+0000 [id=1]	INFO	hudson.WebAppMain#contextInitialized: Jenkins home directory: /root/.jenkins found at: $user.home/.jenkins
2025-06-02 18:23:14.727+0000 [id=1]	INFO	o.e.j.s.handler.ContextHandler#doStart: Started oeje9n.ContextHandler$CoreContextHandler@4d411036{Jenkins v2.504.1,/,b=file:///root/.jenkins/war/,a=AVAILABLE,h=oeje9n.ContextHandler$CoreContextHandler$CoreToNestedHandler@7adbd080{STARTED}}
2025-06-02 18:23:14.782+0000 [id=1]	INFO	o.e.j.server.AbstractConnector#doStart: Started ServerConnector@2ad3a1bb{HTTP/1.1, (http/1.1)}{0.0.0.0:80}
2025-06-02 18:23:14.807+0000 [id=1]	INFO	org.eclipse.jetty.server.Server#doStart: Started oejs.Server@2928854b{STARTING}[12.0.19,sto=0] @4009ms
2025-06-02 18:23:14.809+0000 [id=24]	INFO	winstone.Logger#logInternal: Winstone Servlet Engine running: controlPort=disabled
2025-06-02 18:23:15.221+0000 [id=23]	INFO	jenkins.model.Jenkins#<init>: Starting version 2.504.1
2025-06-02 18:23:15.385+0000 [id=30]	INFO	jenkins.InitReactorRunner$1#onAttained: Started initialization
2025-06-02 18:23:15.874+0000 [id=30]	INFO	jenkins.InitReactorRunner$1#onAttained: Listed all plugins
2025-06-02 18:23:22.137+0000 [id=31]	INFO	jenkins.InitReactorRunner$1#onAttained: Prepared all plugins
2025-06-02 18:23:22.209+0000 [id=29]	INFO	jenkins.InitReactorRunner$1#onAttained: Started all plugins
2025-06-02 18:23:22.354+0000 [id=29]	INFO	jenkins.InitReactorRunner$1#onAttained: Augmented all extensions
2025-06-02 18:23:23.167+0000 [id=32]	INFO	h.p.b.g.GlobalTimeOutConfiguration#load: global timeout not set
2025-06-02 18:23:26.149+0000 [id=31]	INFO	jenkins.InitReactorRunner$1#onAttained: System config loaded
2025-06-02 18:23:26.524+0000 [id=29]	INFO	jenkins.InitReactorRunner$1#onAttained: System config adapted
2025-06-02 18:23:26.532+0000 [id=32]	INFO	jenkins.InitReactorRunner$1#onAttained: Loaded all jobs
2025-06-02 18:23:26.535+0000 [id=30]	INFO	jenkins.InitReactorRunner$1#onAttained: Configuration for all jobs updated
2025-06-02 18:23:26.557+0000 [id=47]	INFO	hudson.util.Retrier#start: Attempt #1 to do the action check updates server
2025-06-02 18:23:26.652+0000 [id=32]	INFO	jenkins.InitReactorRunner$1#onAttained: Completed initialization
2025-06-02 18:23:26.826+0000 [id=23]	INFO	hudson.lifecycle.Lifecycle#onReady: Jenkins is fully up and running
2025-06-02 18:23:35.944+0000 [id=47]	INFO	h.m.DownloadService$Downloadable#load: Obtained the updated data file for hudson.tasks.Maven.MavenInstaller
2025-06-02 18:23:36.208+0000 [id=47]	INFO	h.m.DownloadService$Downloadable#load: Obtained the updated data file for hudson.tasks.Ant.AntInstaller
2025-06-02 18:23:36.745+0000 [id=47]	INFO	h.m.DownloadService$Downloadable#load: Obtained the updated data file for hudson.plugins.gradle.GradleInstaller
2025-06-02 18:23:36.747+0000 [id=47]	INFO	hudson.util.Retrier#start: Performed the action check updates server successfully at the attempt #1
